00:00 +0: loading D:/Universidad/Flutter/primera app/test/widget_test.dart
Unhandled exception:
FileSystemException: writeFrom failed, path = 'C:\Users\ferna\AppData\Local\Temp\flutter_tools.5011e37c\flutter_test_compiler.3a3cf1fa\output.dill' (OS Error: Espacio en disco insuficiente, errno = 112)
#0      _checkForErrorResponse (dart:io/common.dart:58)
#1      _RandomAccessFile.writeFrom.<anonymous closure> (dart:io/file_impl.dart:1001)
<asynchronous suspension>
#2      _FileStreamConsumer.addStream.<anonymous closure>.<anonymous closure>.<anonymous closure> (dart:io/file_impl.dart:237)
<asynchronous suspension>
00:00 +0 -1: loading D:/Universidad/Flutter/primera app/test/widget_test.dart [E]
  Error: The Dart compiler exited unexpectedly.
  package:flutter_tools/src/base/common.dart 34:3  throwToolExit
  package:flutter_tools/src/compile.dart 899:15    DefaultResidentCompiler._compile.<fn>
  dart:async/zone.dart 1517:47                     _rootRun
  dart:async/zone.dart 1422:19                     _CustomZone.run
  dart:async/zone.dart 1321:7                      _CustomZone.runGuarded
  dart:async/stream_impl.dart 434:13               _BufferingStreamSubscription._sendDone.sendDone
  dart:async/stream_impl.dart 444:7                _BufferingStreamSubscription._sendDone
  dart:async/stream_impl.dart 333:7                _BufferingStreamSubscription._close
  dart:async/stream_transformers.dart 91:11        _SinkTransformerStreamSubscription._close
  dart:async/stream_transformers.dart 21:11        _EventSinkWrapper.close
  dart:convert/string_conversion.dart 241:11       _StringAdapterSink.close
  dart:convert/line_splitter.dart 144:11           _LineSplitterSink.close
  dart:async/stream_transformers.dart 136:24       _SinkTransformerStreamSubscription._handleDone
  dart:async/zone.dart 1517:47                     _rootRun
  dart:async/zone.dart 1422:19                     _CustomZone.run
  dart:async/zone.dart 1321:7                      _CustomZone.runGuarded
  dart:async/stream_impl.dart 434:13               _BufferingStreamSubscription._sendDone.sendDone
  dart:async/stream_impl.dart 444:7                _BufferingStreamSubscription._sendDone
  dart:async/stream_impl.dart 333:7                _BufferingStreamSubscription._close
  dart:async/stream_transformers.dart 91:11        _SinkTransformerStreamSubscription._close
  dart:async/stream_transformers.dart 21:11        _EventSinkWrapper.close
  dart:async/stream_transformers.dart 258:12       _HandlerEventSink.close
  dart:async/stream_transformers.dart 136:24       _SinkTransformerStreamSubscription._handleDone
  dart:async/zone.dart 1517:47                     _rootRun
  dart:async/zone.dart 1422:19                     _CustomZone.run
  dart:async/zone.dart 1321:7                      _CustomZone.runGuarded
  dart:async/stream_impl.dart 434:13               _BufferingStreamSubscription._sendDone.sendDone
  dart:async/stream_impl.dart 444:7                _BufferingStreamSubscription._sendDone
  dart:async/stream_impl.dart 333:7                _BufferingStreamSubscription._close
  dart:async/stream_transformers.dart 91:11        _SinkTransformerStreamSubscription._close
  dart:async/stream_transformers.dart 21:11        _EventSinkWrapper.close
  dart:convert/string_conversion.dart 241:11       _StringAdapterSink.close
  dart:convert/string_conversion.dart 301:20       _Utf8ConversionSink.close
  dart:convert/chunked_conversion.dart 79:18       _ConverterStreamEventSink.close
  dart:async/stream_transformers.dart 136:24       _SinkTransformerStreamSubscription._handleDone
  dart:async/zone.dart 1517:47                     _rootRun
  dart:async/zone.dart 1422:19                     _CustomZone.run
  dart:async/zone.dart 1321:7                      _CustomZone.runGuarded
  dart:async/stream_impl.dart 434:13               _BufferingStreamSubscription._sendDone.sendDone
  dart:async/stream_impl.dart 444:7                _BufferingStreamSubscription._sendDone
  dart:async/stream_impl.dart 333:7                _BufferingStreamSubscription._close
  dart:async/stream_controller.dart 806:19         _SyncStreamControllerDispatch._sendDone
  dart:async/stream_controller.dart 652:7          _StreamController._closeUnchecked
  dart:async/stream_controller.dart 645:5          _StreamController.close
  dart:io-patch/socket_patch.dart 2887:21          _Socket._onData
  dart:async/zone.dart 1546:13                     _rootRunUnary
  dart:async/zone.dart 1429:19                     _CustomZone.runUnary
  dart:async/zone.dart 1329:7                      _CustomZone.runUnaryGuarded
  dart:async/stream_impl.dart 381:11               _BufferingStreamSubscription._sendData
  dart:async/stream_impl.dart 312:7                _BufferingStreamSubscription._add
  dart:async/stream_controller.dart 798:19         _SyncStreamControllerDispatch._sendData
  dart:async/stream_controller.dart 663:7          _StreamController._add
  dart:async/stream_controller.dart 618:5          _StreamController.add
  dart:io-patch/socket_patch.dart 2322:33          new _RawSocket.<fn>
  dart:io-patch/socket_patch.dart 1648:18          _NativeSocket.issueReadEvent.issue
  dart:async/schedule_microtask.dart 40:35         _microtaskLoop
  dart:async/schedule_microtask.dart 49:5          _startMicrotaskLoop
  dart:isolate-patch/isolate_patch.dart 127:13     _runPendingImmediateCallback
  dart:isolate-patch/isolate_patch.dart 194:5      _RawReceivePort._handleMessage
  
  Null check operator used on a null value
  package:flutter_tools/src/test/test_compiler.dart 257:34  TestCompiler._onCompilationRequest
  
  Error: The Dart compiler exited unexpectedly.
  package:flutter_tools/src/base/common.dart 34:3  throwToolExit
  package:flutter_tools/src/compile.dart 911:11    DefaultResidentCompiler._compile.<fn>
  dart:async/zone.dart 1538:47                     _rootRunUnary
  dart:async/zone.dart 1429:19                     _CustomZone.runUnary
  dart:async/future_impl.dart 948:45               Future._propagateToListeners.handleValueCallback
  dart:async/future_impl.dart 977:13               Future._propagateToListeners
  dart:async/future_impl.dart 720:5                Future._completeWithValue
  dart:async/future_impl.dart 804:7                Future._asyncCompleteWithValue.<fn>
  dart:async/zone.dart 1525:13                     _rootRun
  dart:async/zone.dart 1422:19                     _CustomZone.run
  dart:async/zone.dart 1321:7                      _CustomZone.runGuarded
  dart:async/zone.dart 1362:23                     _CustomZone.bindCallbackGuarded.<fn>
  dart:async/schedule_microtask.dart 40:35         _microtaskLoop
  dart:async/schedule_microtask.dart 49:5          _startMicrotaskLoop
  dart:isolate-patch/isolate_patch.dart 127:13     _runPendingImmediateCallback
  dart:isolate-patch/isolate_patch.dart 194:5      _RawReceivePort._handleMessage
  
  TimeoutException after 0:12:00.000000: Test timed out after 12 minutes.
  package:test_api/src/backend/invoker.dart 362:28  Invoker._handleError.<fn>
  dart:async/zone.dart 1517:47                      _rootRun
  dart:async/zone.dart 1422:19                      _CustomZone.run
  package:test_api/src/backend/invoker.dart 360:10  Invoker._handleError
  package:test_api/src/backend/invoker.dart 315:9   Invoker.heartbeat.<fn>.<fn>
  dart:async/zone.dart 1525:13                      _rootRun
  dart:async/zone.dart 1422:19                      _CustomZone.run
  package:test_api/src/backend/invoker.dart 314:38  Invoker.heartbeat.<fn>
  dart:async-patch/timer_patch.dart 18:15           Timer._createTimer.<fn>
  dart:isolate-patch/timer_impl.dart 423:19         _Timer._runTimers
  dart:isolate-patch/timer_impl.dart 454:5          _Timer._handleMessage
  dart:isolate-patch/isolate_patch.dart 193:12      _RawReceivePort._handleMessage
  
00:00 +0 -1: Some tests failed.
